This is pdfTeX, Version 3.14159265-2.6-1.40.17 (TeX Live 2016) (preloaded format=pdflatex 2016.10.5)  23 JUL 2024 19:07
entering extended mode
 restricted \write18 enabled.
 file:line:error style messages enabled.
 %&-line parsing enabled.
**7_conclusion.tex
(./7_conclusion.tex
LaTeX2e <2016/03/31>
Babel <3.9r> and hyphenation patterns for 83 language(s) loaded.
./7_conclusion.tex:1: Undefined control sequence.
l.1 \section
            {Conclusions}
? 
./7_conclusion.tex:1: Emergency stop.
l.1 \section
            {Conclusions}
End of file on the terminal!

 
Here is how much of TeX's memory you used:
 5 strings out of 493014
 147 string characters out of 6133351
 53601 words of memory out of 5000000
 3648 multiletter control sequences out of 15000+600000
 3640 words of font info for 14 fonts, out of 8000000 for 9000
 1141 hyphenation exceptions out of 8191
 5i,0n,1p,40b,8s stack positions out of 5000i,500n,10000p,200000b,80000s
./7_conclusion.tex:1:  ==> Fatal error occurred, no output PDF file produced!
